
Summary
Missing required CRs: 5 
ExamplePart1:
  Dashboard1:
  - cm.yaml
  Dashboard2:
  - deploymentDashboard.yaml
  - deploymentMetrics.yaml
ExamplePart2:
  Dashboard1:
  - cr.yaml
  Dashboard2:
  - crb.yaml
No CRs are unmatched
