error: "Reference directory is required"
See 'compare -h' for help and examples