More than one template with same apiVersion, metadata_namespace, kind. By Default for each Cluster CR that is correlated to one of these templates the template with the least number of diffs will be used. To use a different template for a specific CR specify it in the diff-config (-c flag) Template names are: apps.v1.DaemonSet.kube-system.kindnet.yaml, apps.v1.DaemonSet.kube-system.kindnet2.yaml
**********************************

Cluster CR: apps/v1_DaemonSet_SomeNS_Name
Reference File: apps.v1.DaemonSet.kube-system.kindnet.yaml
Diff Output: diff -u -N TEMP/apps-v1_daemonset_somens_name TEMP/apps-v1_daemonset_somens_name
--- TEMP/apps-v1_daemonset_somens_name	DATE
+++ TEMP/apps-v1_daemonset_somens_name	DATE
@@ -7,4 +7,5 @@
     app: kindnet
     k8s-app: kindnet
     tier: node
+  name: Name
   namespace: SomeNS

**********************************

Summary
CRs with diffs: 1/1
No validation issues with the cluster
No CRs are unmatched to reference CRs
Metadata Hash: $METADATA_HASH$
No patched CRs
