error: Reference config isn't in correct format. error: error unmarshaling JSON: while decoding JSON: json: cannot unmarshal string into Go value of type compare.Reference 
error code:2