The reference contains overlapping object definitions which may result in unexpected correlation results. Re-run with '--verbose' output enabled to view a detailed description of the issues
**********************************

Cluster CR: v1_ConfigMap_default_settings
Reference File: cm-correct.yaml
Diff Output: diff -u -N TEMP/v1_configmap_default_settings TEMP/v1_configmap_default_settings
--- TEMP/v1_configmap_default_settings	DATE
+++ TEMP/v1_configmap_default_settings	DATE
@@ -1,9 +1,9 @@
 apiVersion: v1
 data:
-  fieldOne: mismatch
+  fieldOne: valueOne
   fieldTwo: |-
     Multi-line string
-    mismatch
+    valueTwo
     Multi-line string
 kind: ConfigMap
 metadata:

**********************************

Summary
CRs with diffs: 1/1
No validation issues with the cluster
No CRs are unmatched to reference CRs
Metadata Hash: 430b35225d77f8fbfac4acea068a952ff81a186272f2e6f04f747e1b2b558740
No patched CRs
