error: Reference config file not found. error: open /home/asudakov/go/src/github.com/openshift/oc/pkg/compare/testdata/ReffernceConfigFileDoesntExist/reference/metadata.yaml: no such file or directory