
Summary
Missing required CRs: 1 
ExamplePart1:
  Dashboard1:
  - cm.yaml
No CRs are unmatched
