Pre-processing template apps.v1.DaemonSet.kube-system.kindnet.yaml with empty data
Pre-processing template apps.v1.DaemonSet.kube-system.kindnet.yaml with empty data
More than one template with same apiVersion, metadata_name, metadata_namespace, kind. By Default for each Cluster CR that is correlated to one of these templates the template with the least number of diffs will be used. To use a different template for a specific CR specify it in the diff-config (-c flag) Template names are: apps.v1.DaemonSet.kube-system.kindnet.yaml, apps.v1.DaemonSet.kube-system.kindnet.yaml
Loading object apps/v1_DaemonSet_SomeNS_Name
Executing template apps.v1.DaemonSet.kube-system.kindnet.yaml
Executing template apps.v1.DaemonSet.kube-system.kindnet.yaml
Found 2 matches for apps/v1_DaemonSet_SomeNS_Name
 - apps.v1.DaemonSet.kube-system.kindnet.yaml - Diff score: 0
 - apps.v1.DaemonSet.kube-system.kindnet.yaml - Diff score: 0
**********************************

Cluster CR: apps/v1_DaemonSet_SomeNS_Name
Reference File: apps.v1.DaemonSet.kube-system.kindnet.yaml
Diff Output: None

**********************************

Summary
CRs with diffs: 0/1
No validation issues with the cluster
No CRs are unmatched to reference CRs
Metadata Hash: $METADATA_HASH$
No patched CRs
