error: Reason required when generating overrides
See 'cluster-compare -h' for help and examples
error code:2
