Summary
CRs with diffs: 0/0
CRs in reference missing from the cluster: 1
ExamplePart:
  Test:
    One of the following is required:
    - nevermatch.yaml
No CRs are unmatched to reference CRs
Metadata Hash: $METADATA_HASH$
No patched CRs
