error: reference contains template with config per field with InlineDiffFunc that fails validation. InlineDiffFunc: capturegroups. error: line 2 error parsing regexp: invalid named capture: `(?<username[a-z0-9]+) would put in their own name. (?<username>`
line 3 error parsing regexp: invalid character class range: `[:_broken_capturegroup_:]`
error code:2
