Summary
CRs with diffs: 0/14
CRs in reference missing from the cluster: 0
ExamplePart:
  DemonSets:
    Should only match one but matched:
    - cm.yaml
    - cr.yaml
    - crb.yaml
    - deploymentDashboard.yaml
    - deploymentMetrics.yaml
    - ns.yaml
    - rb.yaml
    - role.yaml
    - sa.yaml
    - secret.yaml
    - service.yaml
No CRs are unmatched to reference CRs
Metadata Hash: $METADATA_HASH$
No patched CRs
