
**********************************

Cluster CR: v1_ConfigMap_kubernetes-dashboard_kubernetes-dashboard-settings2
Reference File: a/g.yaml
Diff Output: diff -u -N TEMP/v1_configmap_kubernetes-dashboard_kubernetes-dashboard-settings2 TEMP/v1_configmap_kubernetes-dashboard_kubernetes-dashboard-settings2
--- TEMP/v1_configmap_kubernetes-dashboard_kubernetes-dashboard-settings2	DATE
+++ TEMP/v1_configmap_kubernetes-dashboard_kubernetes-dashboard-settings2	DATE
@@ -2,6 +2,6 @@
 kind: ConfigMap
 metadata:
   labels:
-    k8s-app: kubernetes-dashboard
+    k8s-app: kubernetes-dashboard-diff
   name: kubernetes-dashboard-settings2
   namespace: kubernetes-dashboard

**********************************

Summary
Diff count: 1
Successfully found all required reference resources from the cluster
Successfully compared all reference resources
