
**********************************

Cluster CR: v1_ConfigMap_kubernetes-dashboard_kubernetes-dashboard-settings
Reference File: cm.yaml
Diff Output: None

**********************************

Cluster CR: rbac.authorization.k8s.io/v1_ClusterRole_kubernetes-dashboard
Reference File: cr.yaml
Diff Output: None

**********************************

Cluster CR: rbac.authorization.k8s.io/v1_ClusterRoleBinding_kubernetes-dashboard
Reference File: crb.yaml
Diff Output: None

**********************************

Cluster CR: apps/v1_Deployment_kubernetes-dashboard_kubernetes-dashboard
Reference File: deploymentDashboard.yaml
Diff Output: None

**********************************

Cluster CR: apps/v1_Deployment_kubernetes-dashboard_dashboard-metrics-scraper
Reference File: deploymentMetrics.yaml
Diff Output: None

**********************************

Cluster CR: v1_Namespace_kubernetes-dashboard
Reference File: ns.yaml
Diff Output: None

**********************************

Cluster CR: v1_Namespace_kubernetes-dashboard
Reference File: ns.yaml
Diff Output: None

**********************************

Cluster CR: rbac.authorization.k8s.io/v1_RoleBinding_kubernetes-dashboard_kubernetes-dashboard
Reference File: rb.yaml
Diff Output: None

**********************************

Cluster CR: rbac.authorization.k8s.io/v1_Role_kubernetes-dashboard_kubernetes-dashboard
Reference File: role.yaml
Diff Output: None

**********************************

Cluster CR: v1_ServiceAccount_kubernetes-dashboard_kubernetes-dashboard
Reference File: sa.yaml
Diff Output: None

**********************************

Cluster CR: v1_Secret_kubernetes-dashboard_kubernetes-dashboard-certs
Reference File: secret.yaml
Diff Output: None

**********************************

Cluster CR: v1_Secret_kubernetes-dashboard_kubernetes-dashboard-csrf
Reference File: secret.yaml
Diff Output: None

**********************************

Cluster CR: v1_Secret_kubernetes-dashboard_kubernetes-dashboard-key-holder
Reference File: secret.yaml
Diff Output: None

**********************************

Cluster CR: v1_Service_kubernetes-dashboard_kubernetes-dashboard
Reference File: service.yaml
Diff Output: None

**********************************

Summary
Diff count: 0
Successfully found all required reference resources from the cluster
Successfully compared all reference resources
