**********************************

Cluster CR: v1_ConfigMap_kubernetes-dashboard_kubernetes-dashboard-settings
Reference File: cm.yaml
Diff Output: diff -y -W 150 TEMP/v1_configmap_kubernetes-dashboard_kubernetes-dashboard-settings TEMP/v1_configmap_kubernetes-dashboard_kubernetes-dashboard-settings
apiVersion: v1									apiVersion: v1
kind: ConfigMap									kind: ConfigMap
metadata:									metadata:
  labels:									  labels:
    k8s-app: kubernetes-dashboard						    k8s-app: kubernetes-dashboard
  name: kubernetes-dashboard-settings						  name: kubernetes-dashboard-settings
  namespace: kubernetes-dashboard						  namespace: kubernetes-dashboard

**********************************

Cluster CR: rbac.authorization.k8s.io/v1_ClusterRole_kubernetes-dashboard
Reference File: cr.yaml
Diff Output: diff -y -W 150 TEMP/rbac-authorization-k8s-io-v1_clusterrole_kubernetes-dashboard TEMP/rbac-authorization-k8s-io-v1_clusterrole_kubernetes-dashboard
apiVersion: rbac.authorization.k8s.io/v1					apiVersion: rbac.authorization.k8s.io/v1
kind: ClusterRole								kind: ClusterRole
metadata:									metadata:
  labels:									  labels:
    k8s-app: kubernetes-dashboard						    k8s-app: kubernetes-dashboard
  name: kubernetes-dashboard							  name: kubernetes-dashboard
rules:										rules:
- apiGroups:									- apiGroups:
  - metrics.k8s.io								  - metrics.k8s.io
  resources:									  resources:
  - pods									  - pods
  - nodes									  - nodes
  verbs:									  verbs:
  - get										  - get
  - list									  - list
  - watch									  - watch

**********************************

Cluster CR: rbac.authorization.k8s.io/v1_ClusterRoleBinding_kubernetes-dashboard
Reference File: crb.yaml
Diff Output: diff -y -W 150 TEMP/rbac-authorization-k8s-io-v1_clusterrolebinding_kubernetes-dashboard TEMP/rbac-authorization-k8s-io-v1_clusterrolebinding_kubernetes-dashboard
apiVersion: rbac.authorization.k8s.io/v1					apiVersion: rbac.authorization.k8s.io/v1
kind: ClusterRoleBinding							kind: ClusterRoleBinding
metadata:									metadata:
  name: kubernetes-dashboard							  name: kubernetes-dashboard
roleRef:									roleRef:
  apiGroup: rbac.authorization.k8s.io						  apiGroup: rbac.authorization.k8s.io
  kind: ClusterRole								  kind: ClusterRole
  name: kubernetes-dashboard							  name: kubernetes-dashboard
subjects:									subjects:
- kind: ServiceAccount								- kind: ServiceAccount
  name: kubernetes-dashboard							  name: kubernetes-dashboard
  namespace: kubernetes-dashboard						  namespace: kubernetes-dashboard

**********************************

Cluster CR: apps/v1_Deployment_kubernetes-dashboard_kubernetes-dashboard
Reference File: deploymentDashboard.yaml
Diff Output: diff -y -W 150 TEMP/apps-v1_deployment_kubernetes-dashboard_kubernetes-dashboard TEMP/apps-v1_deployment_kubernetes-dashboard_kubernetes-dashboard
apiVersion: apps/v1								apiVersion: apps/v1
kind: Deployment								kind: Deployment
metadata:									metadata:
  labels:									  labels:
    k8s-app: kubernetes-dashboard						    k8s-app: kubernetes-dashboard
  name: kubernetes-dashboard							  name: kubernetes-dashboard
  namespace: kubernetes-dashboard						  namespace: kubernetes-dashboard
spec:										spec:
  replicas: 1									  replicas: 1
  revisionHistoryLimit: 10							  revisionHistoryLimit: 10
  selector:									  selector:
    matchLabels:								    matchLabels:
      k8s-app: kubernetes-dashboard						      k8s-app: kubernetes-dashboard
  template:									  template:
    metadata:									    metadata:
      labels:									      labels:
        k8s-app: kubernetes-dashboard						        k8s-app: kubernetes-dashboard
    spec:									    spec:
      containers:								      containers:
      - args:									      - args:
        - --auto-generate-certificates						        - --auto-generate-certificates
        - --namespace=kubernetes-dashboard					        - --namespace=kubernetes-dashboard
        image: kubernetesui/dashboard:v2.7.0					        image: kubernetesui/dashboard:v2.7.0
        imagePullPolicy: Always							        imagePullPolicy: Always
        livenessProbe:								        livenessProbe:
          httpGet:								          httpGet:
            path: /								            path: /
            port: 8443								            port: 8443
            scheme: HTTPS							            scheme: HTTPS
          initialDelaySeconds: 30						          initialDelaySeconds: 30
          timeoutSeconds: 30							          timeoutSeconds: 30
        name: kubernetes-dashboard						        name: kubernetes-dashboard
        ports:									        ports:
        - containerPort: 8443							        - containerPort: 8443
          protocol: TCP								          protocol: TCP
        securityContext:							        securityContext:
          allowPrivilegeEscalation: false					          allowPrivilegeEscalation: false
          readOnlyRootFilesystem: true						          readOnlyRootFilesystem: true
          runAsGroup: 2001							          runAsGroup: 2001
          runAsUser: 1001							          runAsUser: 1001
        volumeMounts:								        volumeMounts:
        - mountPath: /certs							        - mountPath: /certs
          name: kubernetes-dashboard-certs					          name: kubernetes-dashboard-certs
        - mountPath: /tmp							        - mountPath: /tmp
          name: tmp-volume							          name: tmp-volume
      nodeSelector:								      nodeSelector:
        kubernetes.io/os: linux							        kubernetes.io/os: linux
      securityContext:								      securityContext:
        seccompProfile:								        seccompProfile:
          type: RuntimeDefault							          type: RuntimeDefault
      serviceAccountName: kubernetes-dashboard					      serviceAccountName: kubernetes-dashboard
      tolerations:								      tolerations:
      - effect: NoSchedule							      - effect: NoSchedule
        key: node-role.kubernetes.io/master					        key: node-role.kubernetes.io/master
      volumes:									      volumes:
      - name: kubernetes-dashboard-certs					      - name: kubernetes-dashboard-certs
        secret:									        secret:
          secretName: kubernetes-dashboard-certs				          secretName: kubernetes-dashboard-certs
      - emptyDir: {}								      - emptyDir: {}
        name: tmp-volume							        name: tmp-volume

**********************************

Cluster CR: apps/v1_Deployment_kubernetes-dashboard_dashboard-metrics-scraper
Reference File: deploymentMetrics.yaml
Diff Output: diff -y -W 150 TEMP/apps-v1_deployment_kubernetes-dashboard_dashboard-metrics-scraper TEMP/apps-v1_deployment_kubernetes-dashboard_dashboard-metrics-scraper
apiVersion: apps/v1								apiVersion: apps/v1
kind: Deployment								kind: Deployment
metadata:									metadata:
  labels:									  labels:
    k8s-app: dashboard-metrics-scraper						    k8s-app: dashboard-metrics-scraper
  name: dashboard-metrics-scraper						  name: dashboard-metrics-scraper
  namespace: kubernetes-dashboard						  namespace: kubernetes-dashboard
spec:										spec:
  replicas: 1									  replicas: 1
  revisionHistoryLimit: 10							  revisionHistoryLimit: 10
  selector:									  selector:
    matchLabels:								    matchLabels:
      k8s-app: dashboard-metrics-scraper					      k8s-app: dashboard-metrics-scraper
  template:									  template:
    metadata:									    metadata:
      labels:									      labels:
        k8s-app: dashboard-metrics-scraper					        k8s-app: dashboard-metrics-scraper
    spec:									    spec:
      containers:								      containers:
      - image: kubernetesui/metrics-scraper:v1.0.8				      - image: kubernetesui/metrics-scraper:v1.0.8
        livenessProbe:								        livenessProbe:
          httpGet:								          httpGet:
            path: /								            path: /
            port: 8000								            port: 8000
            scheme: HTTP							            scheme: HTTP
          initialDelaySeconds: 30						          initialDelaySeconds: 30
          timeoutSeconds: 30							          timeoutSeconds: 30
        name: dashboard-metrics-scraper						        name: dashboard-metrics-scraper
        ports:									        ports:
        - containerPort: 8000							        - containerPort: 8000
          protocol: TCP								          protocol: TCP
        securityContext:							        securityContext:
          allowPrivilegeEscalation: false					          allowPrivilegeEscalation: false
          readOnlyRootFilesystem: true						          readOnlyRootFilesystem: true
          runAsGroup: 2001							          runAsGroup: 2001
          runAsUser: 1001							          runAsUser: 1001
        volumeMounts:								        volumeMounts:
        - mountPath: /tmp							        - mountPath: /tmp
          name: tmp-volume							          name: tmp-volume
      nodeSelector:								      nodeSelector:
        kubernetes.io/os: linux							        kubernetes.io/os: linux
      securityContext:								      securityContext:
        seccompProfile:								        seccompProfile:
          type: RuntimeDefault							          type: RuntimeDefault
      serviceAccountName: kubernetes-dashboard					      serviceAccountName: kubernetes-dashboard
      tolerations:								      tolerations:
      - effect: NoSchedule							      - effect: NoSchedule
        key: node-role.kubernetes.io/master					        key: node-role.kubernetes.io/master
      volumes:									      volumes:
      - emptyDir: {}								      - emptyDir: {}
        name: tmp-volume							        name: tmp-volume

**********************************

Cluster CR: v1_Namespace_kubernetes-dashboard
Reference File: ns.yaml
Diff Output: diff -y -W 150 TEMP/v1_namespace_kubernetes-dashboard TEMP/v1_namespace_kubernetes-dashboard
apiVersion: v1									apiVersion: v1
kind: Namespace									kind: Namespace
metadata:									metadata:
  name: kubernetes-dashboard							  name: kubernetes-dashboard

**********************************

Cluster CR: rbac.authorization.k8s.io/v1_RoleBinding_kubernetes-dashboard_kubernetes-dashboard
Reference File: rb.yaml
Diff Output: diff -y -W 150 TEMP/rbac-authorization-k8s-io-v1_rolebinding_kubernetes-dashboard_kubernetes-dashboard TEMP/rbac-authorization-k8s-io-v1_rolebinding_kubernetes-dashboard_kubernetes-dashboard
apiVersion: rbac.authorization.k8s.io/v1					apiVersion: rbac.authorization.k8s.io/v1
kind: RoleBinding								kind: RoleBinding
metadata:									metadata:
  labels:									  labels:
    k8s-app: kubernetes-dashboard						    k8s-app: kubernetes-dashboard
  name: kubernetes-dashboard							  name: kubernetes-dashboard
  namespace: kubernetes-dashboard						  namespace: kubernetes-dashboard
roleRef:									roleRef:
  apiGroup: rbac.authorization.k8s.io						  apiGroup: rbac.authorization.k8s.io
  kind: Role									  kind: Role
  name: kubernetes-dashboard							  name: kubernetes-dashboard
subjects:									subjects:
- kind: ServiceAccount								- kind: ServiceAccount
  name: kubernetes-dashboard							  name: kubernetes-dashboard
  namespace: kubernetes-dashboard						  namespace: kubernetes-dashboard

**********************************

Cluster CR: rbac.authorization.k8s.io/v1_Role_kubernetes-dashboard_kubernetes-dashboard
Reference File: role.yaml
Diff Output: diff -y -W 150 TEMP/rbac-authorization-k8s-io-v1_role_kubernetes-dashboard_kubernetes-dashboard TEMP/rbac-authorization-k8s-io-v1_role_kubernetes-dashboard_kubernetes-dashboard
apiVersion: rbac.authorization.k8s.io/v1					apiVersion: rbac.authorization.k8s.io/v1
kind: Role									kind: Role
metadata:									metadata:
  labels:									  labels:
    k8s-app: kubernetes-dashboard						    k8s-app: kubernetes-dashboard
  name: kubernetes-dashboard							  name: kubernetes-dashboard
  namespace: kubernetes-dashboard						  namespace: kubernetes-dashboard
rules:										rules:
- apiGroups:									- apiGroups:
  - ""										  - ""
  resourceNames:								  resourceNames:
  - kubernetes-dashboard-key-holder						  - kubernetes-dashboard-key-holder
  - kubernetes-dashboard-certs							  - kubernetes-dashboard-certs
  - kubernetes-dashboard-csrf							  - kubernetes-dashboard-csrf
  resources:									  resources:
  - secrets									  - secrets
  verbs:									  verbs:
  - get										  - get
  - update									  - update
  - delete									  - delete
- apiGroups:									- apiGroups:
  - ""										  - ""
  resourceNames:								  resourceNames:
  - kubernetes-dashboard-settings						  - kubernetes-dashboard-settings
  resources:									  resources:
  - configmaps									  - configmaps
  verbs:									  verbs:
  - get										  - get
  - update									  - update
- apiGroups:									- apiGroups:
  - ""										  - ""
  resourceNames:								  resourceNames:
  - heapster									  - heapster
  - dashboard-metrics-scraper							  - dashboard-metrics-scraper
  resources:									  resources:
  - services									  - services
  verbs:									  verbs:
  - proxy									  - proxy
- apiGroups:									- apiGroups:
  - ""										  - ""
  resourceNames:								  resourceNames:
  - heapster									  - heapster
  - 'http:heapster:'								  - 'http:heapster:'
  - 'https:heapster:'								  - 'https:heapster:'
  - dashboard-metrics-scraper							  - dashboard-metrics-scraper
  - http:dashboard-metrics-scraper						  - http:dashboard-metrics-scraper
  resources:									  resources:
  - services/proxy								  - services/proxy
  verbs:									  verbs:
  - get										  - get

**********************************

Cluster CR: v1_ServiceAccount_kubernetes-dashboard_kubernetes-dashboard
Reference File: sa.yaml
Diff Output: diff -y -W 150 TEMP/v1_serviceaccount_kubernetes-dashboard_kubernetes-dashboard TEMP/v1_serviceaccount_kubernetes-dashboard_kubernetes-dashboard
apiVersion: v1									apiVersion: v1
kind: ServiceAccount								kind: ServiceAccount
metadata:									metadata:
  labels:									  labels:
    k8s-app: kubernetes-dashboard						    k8s-app: kubernetes-dashboard
  name: kubernetes-dashboard							  name: kubernetes-dashboard
  namespace: kubernetes-dashboard						  namespace: kubernetes-dashboard

**********************************

Cluster CR: v1_Secret_kubernetes-dashboard_kubernetes-dashboard-certs
Reference File: secret.yaml
Diff Output: diff -y -W 150 TEMP/v1_secret_kubernetes-dashboard_kubernetes-dashboard-certs TEMP/v1_secret_kubernetes-dashboard_kubernetes-dashboard-certs
apiVersion: v1									apiVersion: v1
kind: Secret									kind: Secret
metadata:									metadata:
  labels:									  labels:
    k8s-app: kubernetes-dashboard						    k8s-app: kubernetes-dashboard
  name: kubernetes-dashboard-certs						  name: kubernetes-dashboard-certs
  namespace: kubernetes-dashboard						  namespace: kubernetes-dashboard
type: Opaque									type: Opaque

**********************************

Cluster CR: v1_Secret_kubernetes-dashboard_kubernetes-dashboard-csrf
Reference File: secret.yaml
Diff Output: diff -y -W 150 TEMP/v1_secret_kubernetes-dashboard_kubernetes-dashboard-csrf TEMP/v1_secret_kubernetes-dashboard_kubernetes-dashboard-csrf
apiVersion: v1									apiVersion: v1
data:										data:
  csrf: '***'									  csrf: '***'
kind: Secret									kind: Secret
metadata:									metadata:
  labels:									  labels:
    k8s-app: kubernetes-dashboard						    k8s-app: kubernetes-dashboard
  name: kubernetes-dashboard-csrf						  name: kubernetes-dashboard-csrf
  namespace: kubernetes-dashboard						  namespace: kubernetes-dashboard
type: Opaque									type: Opaque

**********************************

Cluster CR: v1_Secret_kubernetes-dashboard_kubernetes-dashboard-key-holder
Reference File: secret.yaml
Diff Output: diff -y -W 150 TEMP/v1_secret_kubernetes-dashboard_kubernetes-dashboard-key-holder TEMP/v1_secret_kubernetes-dashboard_kubernetes-dashboard-key-holder
apiVersion: v1									apiVersion: v1
kind: Secret									kind: Secret
metadata:									metadata:
  labels:									  labels:
    k8s-app: kubernetes-dashboard						    k8s-app: kubernetes-dashboard
  name: kubernetes-dashboard-key-holder						  name: kubernetes-dashboard-key-holder
  namespace: kubernetes-dashboard						  namespace: kubernetes-dashboard
type: Opaque									type: Opaque

**********************************

Cluster CR: v1_Service_kubernetes-dashboard_dashboard-metrics-scraper
Reference File: service.yaml
Diff Output: diff -y -W 150 TEMP/v1_service_kubernetes-dashboard_dashboard-metrics-scraper TEMP/v1_service_kubernetes-dashboard_dashboard-metrics-scraper
apiVersion: v1									apiVersion: v1
kind: Service									kind: Service
metadata:									metadata:
  labels:									  labels:
    k8s-app: dashboard-metrics-scraper						    k8s-app: dashboard-metrics-scraper
  name: dashboard-metrics-scraper						  name: dashboard-metrics-scraper
  namespace: kubernetes-dashboard						  namespace: kubernetes-dashboard
spec:										spec:
  ports:									  ports:
  - port: 8000									  - port: 8000
    targetPort: 8000								    targetPort: 8000
  selector:									  selector:
    k8s-app: dashboard-metrics-scraper						    k8s-app: dashboard-metrics-scraper

**********************************

Cluster CR: v1_Service_kubernetes-dashboard_kubernetes-dashboard
Reference File: service.yaml
Diff Output: diff -y -W 150 TEMP/v1_service_kubernetes-dashboard_kubernetes-dashboard TEMP/v1_service_kubernetes-dashboard_kubernetes-dashboard
apiVersion: v1									apiVersion: v1
kind: Service									kind: Service
metadata:									metadata:
  labels:									  labels:
    k8s-app: kubernetes-dashboard						    k8s-app: kubernetes-dashboard
  name: kubernetes-dashboard							  name: kubernetes-dashboard
  namespace: kubernetes-dashboard						  namespace: kubernetes-dashboard
spec:										spec:
  ports:									  ports:
  - port: 443									  - port: 443
    targetPort: 8443								    targetPort: 8443
  selector:									  selector:
    k8s-app: kubernetes-dashboard						    k8s-app: kubernetes-dashboard

**********************************

Summary
CRs with diffs: 0/14
No validation issues with the cluster
No CRs are unmatched to reference CRs
Metadata Hash: $METADATA_HASH$
No patched CRs
