error: the path "testdata/TestLocalResourceFileDoesntexist/resources" does not exist 
error code:2