More then one template with same apiVersion, metadata_namespace, kind. These templates wont be used for corelation. To use them use different corelator (manual matching) or remove one of them from the reference.  Template names are: apps.v1.DaemonSet.kube-system.kindnet.yaml, apps.v1.DaemonSet.kube-system.kindnet2.yaml

Summary
Missing required CRs: 1 
ExamplePart:
  DemonSets:
  - apps.v1.DaemonSet.kube-system.kindnet.yaml
CRs are unmatched: 30
- apps/v1_DaemonSet_SomeNS_Test1
- apps/v1_DaemonSet_SomeNS_Test2
- v1_ConfigMap_kubernetes-dashboard_kubernetes-dashboard-settings
- rbac.authorization.k8s.io/v1_ClusterRole_kubernetes-dashboard
- rbac.authorization.k8s.io/v1_ClusterRoleBinding_kubernetes-dashboard
- apps/v1_Deployment_kubernetes-dashboard_kubernetes-dashboard
- apps/v1_Deployment_kubernetes-dashboard_dashboard-metrics-scraper
- v1_Namespace_kubernetes-dashboard
- rbac.authorization.k8s.io/v1_RoleBinding_kubernetes-dashboard_kubernetes-dashboard
- apps/v1_DaemonSet_SomeNS_Name
- rbac.authorization.k8s.io/v1_Role_kubernetes-dashboard_kubernetes-dashboard
- v1_ServiceAccount_kubernetes-dashboard_kubernetes-dashboard
- v1_Secret_kubernetes-dashboard_kubernetes-dashboard-certs
- v1_Secret_kubernetes-dashboard_kubernetes-dashboard-csrf
- v1_Secret_kubernetes-dashboard_kubernetes-dashboard-key-holder
- v1_Service_kubernetes-dashboard_kubernetes-dashboard
- v1_Namespace_kubernetes-dashboard
- v1_ServiceAccount_kubernetes-dashboard_kubernetes-dashboard
- v1_Service_kubernetes-dashboard_kubernetes-dashboard
- v1_Secret_kubernetes-dashboard_kubernetes-dashboard-certs
- v1_Secret_kubernetes-dashboard_kubernetes-dashboard-csrf
- v1_Secret_kubernetes-dashboard_kubernetes-dashboard-key-holder
- v1_ConfigMap_kubernetes-dashboard_kubernetes-dashboard-settings
- rbac.authorization.k8s.io/v1_Role_kubernetes-dashboard_kubernetes-dashboard
- rbac.authorization.k8s.io/v1_ClusterRole_kubernetes-dashboard
- rbac.authorization.k8s.io/v1_RoleBinding_kubernetes-dashboard_kubernetes-dashboard
- rbac.authorization.k8s.io/v1_ClusterRoleBinding_kubernetes-dashboard
- apps/v1_Deployment_kubernetes-dashboard_kubernetes-dashboard
- v1_Service_kubernetes-dashboard_dashboard-metrics-scraper
- apps/v1_Deployment_kubernetes-dashboard_dashboard-metrics-scraper
