error: "Reference directory doesnt exist" 
error code:2