error: an error occurred while parsing template: deploymentMetrics.yaml specified in the config. error: template: deploymentMetrics.yaml:19: unexpected {{end}}