
**********************************

Cluster CR: apps/v1_Deployment_kubernetes-dashboard_dashboard-metrics-scraper
Reference File: deploymentMetrics.yaml
Diff Output: None

**********************************

Cluster CR: apps/v1_Deployment_kubernetes-dashboard_kubernetes-dashboard
Reference File: deploymentMetrics.yaml
Diff Output: diff -u -N TEMP/apps-v1_deployment_kubernetes-dashboard_kubernetes-dashboard TEMP/apps-v1_deployment_kubernetes-dashboard_kubernetes-dashboard
--- TEMP/apps-v1_deployment_kubernetes-dashboard_kubernetes-dashboard	DATE
+++ TEMP/apps-v1_deployment_kubernetes-dashboard_kubernetes-dashboard	DATE
@@ -2,19 +2,19 @@
 kind: Deployment
 metadata:
   labels:
-    k8s-app: dashboard-metrics-scraper
-  name: dashboard-metrics-scraper
+    k8s-app: kubernetes-dashboard
+  name: kubernetes-dashboard
   namespace: kubernetes-dashboard
 spec:
   replicas: 1
   revisionHistoryLimit: 10
   selector:
     matchLabels:
-      k8s-app: dashboard-metrics-scraper
+      k8s-app: kubernetes-dashboard
   template:
     metadata:
       labels:
-        k8s-app: dashboard-metrics-scraper
+        k8s-app: kubernetes-dashboard
     spec:
       containers:
       - args:

**********************************

Summary
Diff count: 1
CRs in reference missing from the cluster: 1 
ExamplePart:
  Dashboard:
  - deploymentDashboard.yaml
Successfully compared all reference resources
